e2e/create.spec.ts(1,41): error TS2307: Cannot find module '@playwright/test' or its corresponding type declarations.
e2e/create.spec.ts(7,46): error TS7006: Parameter 'route' implicitly has an 'any' type.
e2e/create.spec.ts(93,28): error TS7031: Binding element 'page' implicitly has an 'any' type.
e2e/create.spec.ts(97,78): error TS7031: Binding element 'page' implicitly has an 'any' type.
e2e/create.spec.ts(113,75): error TS7031: Binding element 'page' implicitly has an 'any' type.
e2e/visual.spec.ts(1,30): error TS2307: Cannot find module '@playwright/test' or its corresponding type declarations.
e2e/visual.spec.ts(13,28): error TS7031: Binding element 'page' implicitly has an 'any' type.
e2e/visual.spec.ts(23,50): error TS7031: Binding element 'page' implicitly has an 'any' type.
e2e/visual.spec.ts(33,47): error TS7031: Binding element 'page' implicitly has an 'any' type.
e2e/visual.spec.ts(47,49): error TS7031: Binding element 'page' implicitly has an 'any' type.
e2e/visual.spec.ts(59,28): error TS7031: Binding element 'page' implicitly has an 'any' type.
e2e/visual.spec.ts(64,42): error TS7031: Binding element 'page' implicitly has an 'any' type.
e2e/visual.spec.ts(73,28): error TS7031: Binding element 'page' implicitly has an 'any' type.
e2e/visual.spec.ts(84,53): error TS7031: Binding element 'page' implicitly has an 'any' type.
src/app/campaign/[id]/CampaignDetailsClient.tsx(34,27): error TS2307: Cannot find module '@/components/TopDonors' or its corresponding type declarations.
src/app/campaign/[id]/CampaignDetailsClient.tsx(117,18): error TS2304: Cannot find name 'getCampaignImageUrl'.
src/app/campaign/[id]/CampaignDetailsClient.tsx(119,26): error TS2304: Cannot find name 'getCampaignImageUrl'.
src/app/campaign/[id]/CampaignDetailsClient.tsx(126,22): error TS2304: Cannot find name 'ImageIcon'.
src/app/campaign/[id]/CampaignDetailsClient.tsx(154,58): error TS2304: Cannot find name 'fromStroops'.
src/app/campaign/[id]/CampaignDetailsClient.tsx(158,59): error TS2304: Cannot find name 'fromStroops'.
src/app/campaign/[id]/CampaignDetailsClient.tsx(161,20): error TS2552: Cannot find name 'Progress'. Did you mean 'onprogress'?
src/app/campaign/[id]/CampaignDetailsClient.tsx(162,28): error TS2304: Cannot find name 'calculateProgress'.
src/app/explore/page.tsx(106,40): error TS7006: Parameter 'campaign' implicitly has an 'any' type.
src/app/explore/page.tsx(118,12): error TS7006: Parameter 'c' implicitly has an 'any' type.
src/components/CampaignCard.test.tsx(60,7): error TS2741: Property 'description' is missing in type '{ id: bigint; creator: string; beneficiary: string; title: string; category: string; target_amount: bigint; raised_amount: bigint; deadline: bigint; accepted_token: string; status: "Active"; }' but required in type 'Campaign'.
src/components/CampaignCard.tsx(39,35): error TS2304: Cannot find name 'useState'.
src/components/CampaignCard.tsx(56,13): error TS2322: Type 'string | null' is not assignable to type 'string | undefined'.
  Type 'null' is not assignable to type 'string | undefined'.
src/components/CampaignList.tsx(73,12): error TS7006: Parameter 'campaign' implicitly has an 'any' type.
src/components/ClaimButton.stories.tsx(18,9): error TS2739: Type '{ address: string | null; isConnected: boolean; connect: () => Promise<void>; disconnect: () => void; }' is missing the following properties from type 'WalletContextType': walletNetwork, isWrongNetwork
src/components/ClaimButton.test.tsx(39,7): error TS2741: Property 'description' is missing in type '{ id: bigint; creator: string; beneficiary: string; title: string; category: string; target_amount: bigint; raised_amount: bigint; deadline: bigint; accepted_token: string; status: "Funded"; }' but required in type 'Campaign'.
src/components/ClaimButton.test.tsx(113,58): error TS2353: Object literal may only specify known properties, and 'isPending' does not exist in type 'Partial<Mock<Procedure | Constructable>>'.
src/components/ClaimButton.test.tsx(119,58): error TS2353: Object literal may only specify known properties, and 'isPending' does not exist in type 'Partial<Mock<Procedure | Constructable>>'.
src/components/ClaimButton.test.tsx(125,58): error TS2353: Object literal may only specify known properties, and 'isPending' does not exist in type 'Partial<Mock<Procedure | Constructable>>'.
src/components/ClaimButton.test.tsx(134,58): error TS2353: Object literal may only specify known properties, and 'mutateAsync' does not exist in type 'Partial<Mock<Procedure | Constructable>>'.
src/components/ClaimButton.test.tsx(159,58): error TS2353: Object literal may only specify known properties, and 'mutateAsync' does not exist in type 'Partial<Mock<Procedure | Constructable>>'.
src/components/CreateCampaignForm.tsx(4,29): error TS7016: Could not find a declaration file for module '@hookform/resolvers/zod'. '/home/theophilus/Desktop/Tech/OSS/Drips/Wave6/Feyi/stellargive/frontend/node_modules/@hookform/resolvers/zod/dist/zod.mjs' implicitly has an 'any' type.
  Try `npm i --save-dev @types/hookform__resolvers` if it exists or add a new declaration (.d.ts) file containing `declare module '@hookform/resolvers/zod';`
src/components/EventFeed.stories.tsx(3,50): error TS7016: Could not find a declaration file for module '@tanstack/react-query'. '/home/theophilus/Desktop/Tech/OSS/Drips/Wave6/Feyi/stellargive/frontend/node_modules/@tanstack/react-query/build/modern/index.js' implicitly has an 'any' type.
  Try `npm i --save-dev @types/tanstack__react-query` if it exists or add a new declaration (.d.ts) file containing `declare module '@tanstack/react-query';`
src/components/Footer.test.tsx(20,30): error TS2307: Cannot find module '@/hooks/useRpcHealth' or its corresponding type declarations.
src/components/ProjectUpdates.tsx(10,32): error TS7016: Could not find a declaration file for module '@tanstack/react-query'. '/home/theophilus/Desktop/Tech/OSS/Drips/Wave6/Feyi/stellargive/frontend/node_modules/@tanstack/react-query/build/modern/index.js' implicitly has an 'any' type.
  Try `npm i --save-dev @types/tanstack__react-query` if it exists or add a new declaration (.d.ts) file containing `declare module '@tanstack/react-query';`
src/components/ProjectUpdates.tsx(11,32): error TS2307: Cannot find module './PostUpdateForm' or its corresponding type declarations.
src/components/Providers.tsx(4,50): error TS7016: Could not find a declaration file for module '@tanstack/react-query'. '/home/theophilus/Desktop/Tech/OSS/Drips/Wave6/Feyi/stellargive/frontend/node_modules/@tanstack/react-query/build/modern/index.js' implicitly has an 'any' type.
  Try `npm i --save-dev @types/tanstack__react-query` if it exists or add a new declaration (.d.ts) file containing `declare module '@tanstack/react-query';`
src/components/RecentDonations.tsx(57,15): error TS7006: Parameter 'e' implicitly has an 'any' type.
src/components/RecentDonations.tsx(64,12): error TS7006: Parameter 'a' implicitly has an 'any' type.
src/components/RecentDonations.tsx(64,15): error TS7006: Parameter 'b' implicitly has an 'any' type.
src/components/postUpdateForm.tsx(18,33): error TS2304: Cannot find name 'useState'.
src/components/postUpdateForm.tsx(19,43): error TS2304: Cannot find name 'useState'.
src/components/postUpdateForm.tsx(20,29): error TS2304: Cannot find name 'useState'.
src/components/postUpdateForm.tsx(21,47): error TS2304: Cannot find name 'useState'.
src/components/postUpdateForm.tsx(28,3): error TS2304: Cannot find name 'useEffect'.
src/components/ui/form.test.tsx(5,29): error TS7016: Could not find a declaration file for module '@hookform/resolvers/zod'. '/home/theophilus/Desktop/Tech/OSS/Drips/Wave6/Feyi/stellargive/frontend/node_modules/@hookform/resolvers/zod/dist/zod.mjs' implicitly has an 'any' type.
  Try `npm i --save-dev @types/hookform__resolvers` if it exists or add a new declaration (.d.ts) file containing `declare module '@hookform/resolvers/zod';`
src/hooks/useSoroban.test.ts(3,50): error TS7016: Could not find a declaration file for module '@tanstack/react-query'. '/home/theophilus/Desktop/Tech/OSS/Drips/Wave6/Feyi/stellargive/frontend/node_modules/@tanstack/react-query/build/modern/index.js' implicitly has an 'any' type.
  Try `npm i --save-dev @types/tanstack__react-query` if it exists or add a new declaration (.d.ts) file containing `declare module '@tanstack/react-query';`
src/hooks/useSoroban.test.ts(86,42): error TS2345: Argument of type '{ address: string; isConnected: true; connect: Mock<Procedure>; disconnect: Mock<Procedure>; }' is not assignable to parameter of type 'WalletContextType'.
  Type '{ address: string; isConnected: true; connect: Mock<Procedure>; disconnect: Mock<Procedure>; }' is missing the following properties from type 'WalletContextType': walletNetwork, isWrongNetwork
src/hooks/useSoroban.test.ts(203,58): error TS2345: Argument of type '{ status: string; hash: string; }' is not assignable to parameter of type 'GetSuccessfulTransactionResponse'.
  Type '{ status: string; hash: string; }' is missing the following properties from type 'GetSuccessfulTransactionResponse': ledger, createdAt, applicationOrder, feeBump, and 9 more.
src/hooks/useSoroban.test.ts(331,48): error TS2345: Argument of type '{ address: null; isConnected: false; connect: Mock<Procedure>; disconnect: Mock<Procedure>; }' is not assignable to parameter of type 'WalletContextType'.
  Type '{ address: null; isConnected: false; connect: Mock<Procedure>; disconnect: Mock<Procedure>; }' is missing the following properties from type 'WalletContextType': walletNetwork, isWrongNetwork
src/hooks/useSoroban.test.ts(354,58): error TS2345: Argument of type '{ status: string; hash: string; }' is not assignable to parameter of type 'GetSuccessfulTransactionResponse'.
  Type '{ status: string; hash: string; }' is missing the following properties from type 'GetSuccessfulTransactionResponse': ledger, createdAt, applicationOrder, feeBump, and 9 more.
src/hooks/useSoroban.test.ts(376,58): error TS2345: Argument of type '{ status: string; hash: string; }' is not assignable to parameter of type 'GetSuccessfulTransactionResponse'.
  Type '{ status: string; hash: string; }' is missing the following properties from type 'GetSuccessfulTransactionResponse': ledger, createdAt, applicationOrder, feeBump, and 9 more.
src/hooks/useSoroban.test.ts(430,48): error TS2345: Argument of type '{ address: null; isConnected: false; connect: Mock<Procedure>; disconnect: Mock<Procedure>; }' is not assignable to parameter of type 'WalletContextType'.
  Type '{ address: null; isConnected: false; connect: Mock<Procedure>; disconnect: Mock<Procedure>; }' is missing the following properties from type 'WalletContextType': walletNetwork, isWrongNetwork
src/hooks/useSoroban.ts(3,55): error TS7016: Could not find a declaration file for module '@tanstack/react-query'. '/home/theophilus/Desktop/Tech/OSS/Drips/Wave6/Feyi/stellargive/frontend/node_modules/@tanstack/react-query/build/modern/index.js' implicitly has an 'any' type.
  Try `npm i --save-dev @types/tanstack__react-query` if it exists or add a new declaration (.d.ts) file containing `declare module '@tanstack/react-query';`
src/hooks/useSoroban.ts(14,3): error TS2305: Module '"@/lib/soroban"' has no exported member 'getTotalCampaigns'.
src/hooks/useSoroban.ts(41,23): error TS7006: Parameter 'prev' implicitly has an 'any' type.
src/hooks/useSoroban.ts(138,28): error TS7006: Parameter 'variables' implicitly has an 'any' type.
src/hooks/useSoroban.ts(138,39): error TS7006: Parameter 'context' implicitly has an 'any' type.
src/hooks/useSoroban.ts(154,27): error TS7006: Parameter 'variables' implicitly has an 'any' type.
src/hooks/useSoroban.ts(154,38): error TS7006: Parameter 'context' implicitly has an 'any' type.
src/hooks/useSoroban.ts(182,22): error TS7006: Parameter 'variables' implicitly has an 'any' type.
src/hooks/useSoroban.ts(200,109): error TS7006: Parameter 'old' implicitly has an 'any' type.
src/hooks/useSoroban.ts(202,50): error TS7006: Parameter 'c' implicitly has an 'any' type.
src/hooks/useSoroban.ts(213,28): error TS7006: Parameter 'variables' implicitly has an 'any' type.
src/hooks/useSoroban.ts(213,39): error TS7006: Parameter 'context' implicitly has an 'any' type.
src/hooks/useSoroban.ts(228,27): error TS7006: Parameter 'variables' implicitly has an 'any' type.
src/hooks/useSoroban.ts(228,38): error TS7006: Parameter 'context' implicitly has an 'any' type.
src/hooks/useSoroban.ts(233,52): error TS7031: Binding element 'queryKey' implicitly has an 'any' type.
src/hooks/useSoroban.ts(233,62): error TS7031: Binding element 'previousData' implicitly has an 'any' type.
src/hooks/useSoroban.ts(244,17): error TS7006: Parameter 'data' implicitly has an 'any' type.
src/hooks/useSoroban.ts(244,23): error TS7006: Parameter 'error' implicitly has an 'any' type.
src/hooks/useSoroban.ts(244,30): error TS7006: Parameter 'variables' implicitly has an 'any' type.
src/hooks/useSoroban.ts(267,28): error TS7006: Parameter 'campaignId' implicitly has an 'any' type.
src/hooks/useSoroban.ts(267,40): error TS7006: Parameter 'context' implicitly has an 'any' type.
src/hooks/useSoroban.ts(284,27): error TS7006: Parameter 'variables' implicitly has an 'any' type.
src/hooks/useSoroban.ts(284,38): error TS7006: Parameter 'context' implicitly has an 'any' type.
src/hooks/useSoroban.ts(311,28): error TS7006: Parameter 'campaignId' implicitly has an 'any' type.
src/hooks/useSoroban.ts(311,40): error TS7006: Parameter 'context' implicitly has an 'any' type.
src/hooks/useSoroban.ts(328,27): error TS7006: Parameter '_variables' implicitly has an 'any' type.
src/hooks/useSoroban.ts(328,39): error TS7006: Parameter 'context' implicitly has an 'any' type.
src/hooks/useSoroban.ts(412,17): error TS7006: Parameter '_' implicitly has an 'any' type.
src/hooks/useSoroban.ts(412,20): error TS7006: Parameter 'variables' implicitly has an 'any' type.
src/hooks/useSoroban.ts(469,28): error TS7006: Parameter 'campaignId' implicitly has an 'any' type.
src/hooks/useSoroban.ts(469,40): error TS7006: Parameter 'context' implicitly has an 'any' type.
src/hooks/useSoroban.ts(486,27): error TS7006: Parameter '_variables' implicitly has an 'any' type.
src/hooks/useSoroban.ts(486,39): error TS7006: Parameter 'context' implicitly has an 'any' type.
src/stories/mocks.ts(8,14): error TS2741: Property 'description' is missing in type '{ id: bigint; creator: string; beneficiary: string; title: string; category: string; target_amount: bigint; raised_amount: bigint; deadline: bigint; accepted_token: string; status: "Active"; }' but required in type 'Campaign'.
src/test/factories.ts(19,75): error TS2322: Type '{ id: bigint; creator: string; beneficiary: string; title: string; description?: string | undefined; category: string; target_amount: bigint; raised_amount: bigint; deadline: bigint; ... 4 more ...; twitter?: string; }' is not assignable to type 'Campaign'.
  Types of property 'description' are incompatible.
    Type 'string | undefined' is not assignable to type 'string'.
      Type 'undefined' is not assignable to type 'string'.
